This is pdfTeX, Version 3.14159265-2.6-1.40.20 (TeX Live 2019/Debian) (preloaded format=pdflatex 2025.3.1)  13 JUL 2025 15:52
entering extended mode
 restricted \write18 enabled.
 %&-line parsing enabled.
**main.tex
(./main.tex
LaTeX2e <2020-02-02> patch level 2
L3 programming layer <2020-02-14>
(/usr/share/texlive/texmf-dist/tex/latex/base/article.cls
Document Class: article 2019/12/20 v1.4l Standard LaTeX document class
(/usr/share/texlive/texmf-dist/tex/latex/base/size10.clo
File: size10.clo 2019/12/20 v1.4l Standard LaTeX file (size option)
)
\c@part=\count167
\c@section=\count168
\c@subsection=\count169
\c@subsubsection=\count170
\c@paragraph=\count171
\c@subparagraph=\count172
\c@figure=\count173
\c@table=\count174
\abovecaptionskip=\skip47
\belowcaptionskip=\skip48
\bibindent=\dimen134
)
(/usr/share/texlive/texmf-dist/tex/latex/base/inputenc.sty
Package: inputenc 2018/08/11 v1.3c Input encoding file
\inpenc@prehook=\toks14
\inpenc@posthook=\toks15
)
(/usr/share/texlive/texmf-dist/tex/latex/booktabs/booktabs.sty
Package: booktabs 2020/01/12 v1.61803398 Publication quality tables
\heavyrulewidth=\dimen135
\lightrulewidth=\dimen136
\cmidrulewidth=\dimen137
\belowrulesep=\dimen138
\belowbottomsep=\dimen139
\aboverulesep=\dimen140
\abovetopsep=\dimen141
\cmidrulesep=\dimen142
\cmidrulekern=\dimen143
\defaultaddspace=\dimen144
\@cmidla=\count175
\@cmidlb=\count176
\@aboverulesep=\dimen145
\@belowrulesep=\dimen146
\@thisruleclass=\count177
\@lastruleclass=\count178
\@thisrulewidth=\dimen147
)
(/usr/share/texlive/texmf-dist/tex/latex/tools/array.sty
Package: array 2019/08/31 v2.4l Tabular extension package (FMi)
\col@sep=\dimen148
\ar@mcellbox=\box45
\extrarowheight=\dimen149
\NC@list=\toks16
\extratabsurround=\skip49
\backup@length=\skip50
\ar@cellbox=\box46
)
(/usr/share/texlive/texmf-dist/tex/latex/l3backend/l3backend-pdfmode.def
File: l3backend-pdfmode.def 2020-02-03 L3 backend support: PDF mode
\l__kernel_color_stack_int=\count179
\l__pdf_internal_box=\box47
)
(./main.aux)
\openout1 = `main.aux'.

LaTeX Font Info:    Checking defaults for OML/cmm/m/it on input line 9.
LaTeX Font Info:    ... okay on input line 9.
LaTeX Font Info:    Checking defaults for OMS/cmsy/m/n on input line 9.
LaTeX Font Info:    ... okay on input line 9.
LaTeX Font Info:    Checking defaults for OT1/cmr/m/n on input line 9.
LaTeX Font Info:    ... okay on input line 9.
LaTeX Font Info:    Checking defaults for T1/cmr/m/n on input line 9.
LaTeX Font Info:    ... okay on input line 9.
LaTeX Font Info:    Checking defaults for TS1/cmr/m/n on input line 9.
LaTeX Font Info:    ... okay on input line 9.
LaTeX Font Info:    Checking defaults for OMX/cmex/m/n on input line 9.
LaTeX Font Info:    ... okay on input line 9.
LaTeX Font Info:    Checking defaults for U/cmr/m/n on input line 9.
LaTeX Font Info:    ... okay on input line 9.

Overfull \hbox (16.55617pt too wide) in paragraph at lines 37--46
[]\OT1/cmr/m/n/10 In the do-main of cog-ni-tive de-cline and neu-rode-gen-er-a-
tive dis-or-ders, CRQA/RQA
 []

[1

{/var/lib/texmf/fonts/map/pdftex/updmap/pdftex.map}] [2] (./main.bbl
Underfull \hbox (badness 10000) in paragraph at lines 4--5
[]\OT1/cmr/m/n/10 Rangaprakash, D. (2014). Con-nec-tiv-ity anal-y-sis of mul-ti
-chan-
 []


Underfull \hbox (badness 10000) in paragraph at lines 4--5
\OT1/cmr/m/n/10 nel EEG sig-nals us-ing re-cur-rence based phase syn-chro-niza-

 []


Underfull \hbox (badness 6825) in paragraph at lines 4--5
\OT1/cmr/m/n/10 tion tech-nique. \OT1/cmr/m/it/10 Com-put-ers in Bi-ol-ogy and 
Medicine, 46\OT1/cmr/m/n/10 , 11-21.
 []


Underfull \hbox (badness 2875) in paragraph at lines 13--14
[]\OT1/cmr/m/n/10 Fan, M. and Chou, C.-A. (2019). De-tect-ing ab-nor-mal pat-te
rn of
 []


Underfull \hbox (badness 10000) in paragraph at lines 13--14
\OT1/cmr/m/n/10 epilep-tic seizures via tem-po-ral syn-chro-niza-tion of EEG si
g-nals.
 []


Underfull \hbox (badness 10000) in paragraph at lines 13--14
\OT1/cmr/m/it/10 IEEE Trans-ac-tions on Biomed-i-cal En-gi-neer-ing\OT1/cmr/m/n
/10 , 66(3), 601-608.
 []


Underfull \hbox (badness 2376) in paragraph at lines 42--46
\OT1/cmr/m/n/10 A dif-fer-en-tial biomarker based on re-cur-rence quan-tifi-ca-
tion anal-y-sis
 []


Underfull \hbox (badness 1389) in paragraph at lines 42--46
\OT1/cmr/m/n/10 of EEG sig-nal and ge-netic al-go-rithm for epilepsy di-ag-no-s
is.  \OT1/cmr/m/it/10 Jour-
 []


Underfull \hbox (badness 1009) in paragraph at lines 42--46
\OT1/cmr/m/it/10 nal of Ar-ti-fi-cial In-tel-li-gence and Sys-tem Mod-elling\OT
1/cmr/m/n/10 , 2(2):74--85, 2024.
 []

[3]) [4] (./main.aux) ) 
Here is how much of TeX's memory you used:
 541 strings out of 481239
 8476 string characters out of 5920378
 241956 words of memory out of 5000000
 15874 multiletter control sequences out of 15000+600000
 533289 words of font info for 27 fonts, out of 8000000 for 9000
 1141 hyphenation exceptions out of 8191
 25i,4n,20p,355b,209s stack positions out of 5000i,500n,10000p,200000b,80000s
</usr/share/texlive/texmf-dist/fonts/type1/public/amsfon
ts/cm/cmbx12.pfb></usr/share/texlive/texmf-dist/fonts/type1/public/amsfonts/cm/
cmr10.pfb></usr/share/texlive/texmf-dist/fonts/type1/public/amsfonts/cm/cmti10.
pfb>
Output written on main.pdf (4 pages, 65761 bytes).
PDF statistics:
 29 PDF objects out of 1000 (max. 8388607)
 19 compressed objects within 1 object stream
 0 named destinations out of 1000 (max. 500000)
 1 words of extra memory for PDF output out of 10000 (max. 10000000)

